// Vitest Snapshot v1, https://vitest.dev/guide/snapshot.html

exports[`SongTitle renders correctly 1`] = `
<div>
  <div
    class="flex flex-col justify-center p-4"
  >
    <h2
      class="text-4xl font-bold"
    >
      Imagine
    </h2>
    <h3
      class="text-lg font-bold text-gray-500"
    >
      John Lennon
    </h3>
  </div>
</div>
`;
